[2017-01-27T01:06:40,419][INFO ][o.e.m.j.JvmGcMonitorService] [ht0EVsn] [gc][212649] overhead, spent [358ms] collecting in the last [1.1s]
[2017-01-27T02:48:21,822][INFO ][o.e.m.j.JvmGcMonitorService] [ht0EVsn] [gc][218745] overhead, spent [333ms] collecting in the last [1s]
[2017-01-27T04:29:41,004][WARN ][o.e.m.j.JvmGcMonitorService] [ht0EVsn] [gc][young][224816][37] duration [6.6s], collections [1]/[6.7s], total [6.6s]/[27.6s], memory [686.7mb]->[154mb]/[1.9gb], all_pools {[young] [532.5mb]->[327.7kb]/[532.5mb]}{[survivor] [16.9mb]->[398.3kb]/[66.5mb]}{[old] [137.2mb]->[153.5mb]/[1.3gb]}
[2017-01-27T04:29:41,007][WARN ][o.e.m.j.JvmGcMonitorService] [ht0EVsn] [gc][224816] overhead, spent [6.6s] collecting in the last [6.7s]
[2017-01-27T14:09:52,571][INFO ][o.e.n.Node               ] [ht0EVsn] stopping ...
[2017-01-27T14:09:52,788][INFO ][o.e.n.Node               ] [ht0EVsn] stopped
[2017-01-27T14:09:52,789][INFO ][o.e.n.Node               ] [ht0EVsn] closing ...
[2017-01-27T14:09:52,838][INFO ][o.e.n.Node               ] [ht0EVsn] closed
[2017-01-27T14:10:03,469][INFO ][o.e.n.Node               ] [] initializing ...
[2017-01-27T14:10:03,695][INFO ][o.e.e.NodeEnvironment    ] [ht0EVsn] using [1] data paths, mounts [[/ (none)]], net usable_space [2.5gb], net total_space [5.2gb], spins? [possibly], types [aufs]
[2017-01-27T14:10:03,695][INFO ][o.e.e.NodeEnvironment    ] [ht0EVsn] heap size [1.9gb], compressed ordinary object pointers [true]
[2017-01-27T14:10:03,752][INFO ][o.e.n.Node               ] [ht0EVsn] node name [ht0EVsn] derived from node ID; set [node.name] to override
[2017-01-27T14:10:03,757][INFO ][o.e.n.Node               ] [ht0EVsn] version[5.0.0], pid[41957], build[253032b/2016-10-26T04:37:51.531Z], OS[Linux/4.2.0-c9/amd64], JVM[Oracle Corporation/Java HotSpot(TM) 64-Bit Server VM/1.8.0_111/25.111-b14]
[2017-01-27T14:10:08,422][INFO ][o.e.p.PluginsService     ] [ht0EVsn] loaded module [aggs-matrix-stats]
[2017-01-27T14:10:08,423][INFO ][o.e.p.PluginsService     ] [ht0EVsn] loaded module [ingest-common]
[2017-01-27T14:10:08,423][INFO ][o.e.p.PluginsService     ] [ht0EVsn] loaded module [lang-expression]
[2017-01-27T14:10:08,424][INFO ][o.e.p.PluginsService     ] [ht0EVsn] loaded module [lang-groovy]
[2017-01-27T14:10:08,424][INFO ][o.e.p.PluginsService     ] [ht0EVsn] loaded module [lang-mustache]
[2017-01-27T14:10:08,425][INFO ][o.e.p.PluginsService     ] [ht0EVsn] loaded module [lang-painless]
[2017-01-27T14:10:08,425][INFO ][o.e.p.PluginsService     ] [ht0EVsn] loaded module [percolator]
[2017-01-27T14:10:08,426][INFO ][o.e.p.PluginsService     ] [ht0EVsn] loaded module [reindex]
[2017-01-27T14:10:08,426][INFO ][o.e.p.PluginsService     ] [ht0EVsn] loaded module [transport-netty3]
[2017-01-27T14:10:08,427][INFO ][o.e.p.PluginsService     ] [ht0EVsn] loaded module [transport-netty4]
[2017-01-27T14:10:08,428][INFO ][o.e.p.PluginsService     ] [ht0EVsn] no plugins loaded
[2017-01-27T14:10:28,496][INFO ][o.e.n.Node               ] [ht0EVsn] initialized
[2017-01-27T14:10:28,497][INFO ][o.e.n.Node               ] [ht0EVsn] starting ...
[2017-01-27T14:10:29,106][INFO ][o.e.t.TransportService   ] [ht0EVsn] publish_address {127.0.0.1:9300}, bound_addresses {[::1]:9300}, {127.0.0.1:9300}
[2017-01-27T14:10:29,118][WARN ][o.e.b.BootstrapCheck     ] [ht0EVsn] max file descriptors [8192] for elasticsearch process likely too low, increase to at least [65536]
[2017-01-27T14:10:29,119][WARN ][o.e.b.BootstrapCheck     ] [ht0EVsn] max virtual memory areas vm.max_map_count [65530] likely too low, increase to at least [262144]
[2017-01-27T14:10:30,301][WARN ][o.e.m.j.JvmGcMonitorService] [ht0EVsn] [gc][young][1][1] duration [1s], collections [1]/[1.6s], total [1s]/[1s], memory [500.6mb]->[62.5mb]/[1.9gb], all_pools {[young] [500.6mb]->[31.1mb]/[532.5mb]}{[survivor] [0b]->[46.5mb]/[66.5mb]}{[old] [0b]->[0b]/[1.3gb]}
[2017-01-27T14:10:30,313][WARN ][o.e.m.j.JvmGcMonitorService] [ht0EVsn] [gc][1] overhead, spent [1s] collecting in the last [1.6s]
[2017-01-27T14:10:33,542][INFO ][o.e.c.s.ClusterService   ] [ht0EVsn] new_master {ht0EVsn}{ht0EVsnlRuyePr1G07P69g}{zuOjQfeyTtqbRMrD0iNllQ}{127.0.0.1}{127.0.0.1:9300}, reason: zen-disco-elected-as-master ([0] nodes joined)
[2017-01-27T14:10:33,649][INFO ][o.e.h.HttpServer         ] [ht0EVsn] publish_address {127.0.0.1:9200}, bound_addresses {[::1]:9200}, {127.0.0.1:9200}
[2017-01-27T14:10:33,649][INFO ][o.e.n.Node               ] [ht0EVsn] started
[2017-01-27T14:10:34,626][INFO ][o.e.g.GatewayService     ] [ht0EVsn] recovered [2] indices into cluster_state
[2017-01-27T14:10:36,514][INFO ][o.e.c.r.a.AllocationService] [ht0EVsn] Cluster health status changed from [RED] to [YELLOW] (reason: [shards started [[vehicles_development_20161105192812009][4]] ...]).
[2017-01-27T15:05:48,438][WARN ][o.e.m.j.JvmGcMonitorService] [ht0EVsn] [gc][young][3297][2] duration [1s], collections [1]/[1.6s], total [1s]/[2.1s], memory [578.4mb]->[69.5mb]/[1.9gb], all_pools {[young] [531.8mb]->[5.6mb]/[532.5mb]}{[survivor] [46.5mb]->[51mb]/[66.5mb]}{[old] [0b]->[16.3mb]/[1.3gb]}
[2017-01-27T15:05:48,441][WARN ][o.e.m.j.JvmGcMonitorService] [ht0EVsn] [gc][3297] overhead, spent [1s] collecting in the last [1.6s]
[2017-01-27T16:42:35,704][WARN ][o.e.m.j.JvmGcMonitorService] [ht0EVsn] [gc][young][9094][3] duration [8.7s], collections [1]/[8.7s], total [8.7s]/[10.8s], memory [598.4mb]->[66.7mb]/[1.9gb], all_pools {[young] [531mb]->[9.4mb]/[532.5mb]}{[survivor] [51mb]->[4.1mb]/[66.5mb]}{[old] [16.3mb]->[53.1mb]/[1.3gb]}
[2017-01-27T16:42:35,713][WARN ][o.e.m.j.JvmGcMonitorService] [ht0EVsn] [gc][9094] overhead, spent [8.7s] collecting in the last [8.7s]
