[2016-12-05T01:25:34,828][WARN ][o.e.m.j.JvmGcMonitorService] [ht0EVsn] [gc][young][13666][3] duration [2.7s], collections [1]/[3s], total [2.7s]/[6.3s], memory [649.7mb]->[80.1mb]/[1.9gb], all_pools {[young] [532.5mb]->[4.6mb]/[532.5mb]}{[survivor] [66.4mb]->[4.6mb]/[66.5mb]}{[old] [50.7mb]->[73.3mb]/[1.3gb]}
[2016-12-05T01:25:34,840][WARN ][o.e.m.j.JvmGcMonitorService] [ht0EVsn] [gc][13666] overhead, spent [2.7s] collecting in the last [3s]
[2016-12-05T12:18:02,587][WARN ][o.e.m.j.JvmGcMonitorService] [ht0EVsn] [gc][young][52800][8] duration [1.8s], collections [1]/[2.1s], total [1.8s]/[8.6s], memory [606.3mb]->[90.7mb]/[1.9gb], all_pools {[young] [532.5mb]->[571.6kb]/[532.5mb]}{[survivor] [480.7kb]->[16.8mb]/[66.5mb]}{[old] [73.3mb]->[73.3mb]/[1.3gb]}
[2016-12-05T12:18:02,594][WARN ][o.e.m.j.JvmGcMonitorService] [ht0EVsn] [gc][52800] overhead, spent [1.8s] collecting in the last [2.1s]
[2016-12-05T14:09:26,205][WARN ][o.e.m.j.JvmGcMonitorService] [ht0EVsn] [gc][young][59478][9] duration [2.6s], collections [1]/[2.8s], total [2.6s]/[11.2s], memory [616.1mb]->[122.5mb]/[1.9gb], all_pools {[young] [525.9mb]->[16.4mb]/[532.5mb]}{[survivor] [16.8mb]->[33.1mb]/[66.5mb]}{[old] [73.3mb]->[73.3mb]/[1.3gb]}
[2016-12-05T14:09:26,206][WARN ][o.e.m.j.JvmGcMonitorService] [ht0EVsn] [gc][59478] overhead, spent [2.6s] collecting in the last [2.8s]
[2016-12-05T17:45:21,974][WARN ][o.e.m.j.JvmGcMonitorService] [ht0EVsn] [gc][young][72422][11] duration [5.8s], collections [1]/[6.8s], total [5.8s]/[17.2s], memory [671.8mb]->[146mb]/[1.9gb], all_pools {[young] [532.5mb]->[6.8mb]/[532.5mb]}{[survivor] [65.9mb]->[33.4mb]/[66.5mb]}{[old] [73.3mb]->[106mb]/[1.3gb]}
[2016-12-05T17:45:21,977][WARN ][o.e.m.j.JvmGcMonitorService] [ht0EVsn] [gc][72422] overhead, spent [5.8s] collecting in the last [6.8s]
[2016-12-05T19:31:58,525][INFO ][o.e.m.j.JvmGcMonitorService] [ht0EVsn] [gc][78816] overhead, spent [468ms] collecting in the last [1s]
[2016-12-05T21:14:21,003][INFO ][o.e.m.j.JvmGcMonitorService] [ht0EVsn] [gc][young][84948][13] duration [722ms], collections [1]/[1s], total [722ms]/[18.4s], memory [671.5mb]->[138.9mb]/[1.9gb], all_pools {[young] [532.5mb]->[400.6kb]/[532.5mb]}{[survivor] [32.9mb]->[32.8mb]/[66.5mb]}{[old] [106mb]->[106mb]/[1.3gb]}
[2016-12-05T21:14:21,004][WARN ][o.e.m.j.JvmGcMonitorService] [ht0EVsn] [gc][84948] overhead, spent [722ms] collecting in the last [1s]
