[2018-03-24T03:09:15,226][INFO ][o.e.n.Node               ] [] initializing ...
[2018-03-24T03:09:15,492][INFO ][o.e.e.NodeEnvironment    ] [ht0EVsn] using [1] data paths, mounts [[/ (none)]], net usable_space [6.2gb], net total_space [10.6gb], spins? [possibly], types [aufs]
[2018-03-24T03:09:15,493][INFO ][o.e.e.NodeEnvironment    ] [ht0EVsn] heap size [1.9gb], compressed ordinary object pointers [true]
[2018-03-24T03:09:15,612][INFO ][o.e.n.Node               ] [ht0EVsn] node name [ht0EVsn] derived from node ID; set [node.name] to override
[2018-03-24T03:09:15,618][INFO ][o.e.n.Node               ] [ht0EVsn] version[5.0.0], pid[43757], build[253032b/2016-10-26T04:37:51.531Z], OS[Linux/4.9.80-c9/amd64], JVM[Oracle Corporation/Java HotSpot(TM) 64-Bit Server VM/1.8.0_111/25.111-b14]
[2018-03-24T03:09:20,145][INFO ][o.e.p.PluginsService     ] [ht0EVsn] loaded module [aggs-matrix-stats]
[2018-03-24T03:09:20,145][INFO ][o.e.p.PluginsService     ] [ht0EVsn] loaded module [ingest-common]
[2018-03-24T03:09:20,146][INFO ][o.e.p.PluginsService     ] [ht0EVsn] loaded module [lang-expression]
[2018-03-24T03:09:20,146][INFO ][o.e.p.PluginsService     ] [ht0EVsn] loaded module [lang-groovy]
[2018-03-24T03:09:20,146][INFO ][o.e.p.PluginsService     ] [ht0EVsn] loaded module [lang-mustache]
[2018-03-24T03:09:20,147][INFO ][o.e.p.PluginsService     ] [ht0EVsn] loaded module [lang-painless]
[2018-03-24T03:09:20,149][INFO ][o.e.p.PluginsService     ] [ht0EVsn] loaded module [percolator]
[2018-03-24T03:09:20,152][INFO ][o.e.p.PluginsService     ] [ht0EVsn] loaded module [reindex]
[2018-03-24T03:09:20,152][INFO ][o.e.p.PluginsService     ] [ht0EVsn] loaded module [transport-netty3]
[2018-03-24T03:09:20,152][INFO ][o.e.p.PluginsService     ] [ht0EVsn] loaded module [transport-netty4]
[2018-03-24T03:09:20,154][INFO ][o.e.p.PluginsService     ] [ht0EVsn] no plugins loaded
[2018-03-24T03:09:32,706][INFO ][o.e.n.Node               ] [ht0EVsn] initialized
[2018-03-24T03:09:32,707][INFO ][o.e.n.Node               ] [ht0EVsn] starting ...
[2018-03-24T03:09:33,189][INFO ][o.e.t.TransportService   ] [ht0EVsn] publish_address {127.0.0.1:9300}, bound_addresses {[::1]:9300}, {127.0.0.1:9300}
[2018-03-24T03:09:33,295][WARN ][o.e.b.BootstrapCheck     ] [ht0EVsn] max file descriptors [8192] for elasticsearch process likely too low, increase to at least [65536]
[2018-03-24T03:09:33,295][WARN ][o.e.b.BootstrapCheck     ] [ht0EVsn] max virtual memory areas vm.max_map_count [65530] likely too low, increase to at least [262144]
[2018-03-24T03:09:36,426][INFO ][o.e.c.s.ClusterService   ] [ht0EVsn] new_master {ht0EVsn}{ht0EVsnlRuyePr1G07P69g}{r2oBk_6aS7iHgM3cckXTEg}{127.0.0.1}{127.0.0.1:9300}, reason: zen-disco-elected-as-master ([0] nodes joined)
[2018-03-24T03:09:36,475][INFO ][o.e.h.HttpServer         ] [ht0EVsn] publish_address {127.0.0.1:9200}, bound_addresses {[::1]:9200}, {127.0.0.1:9200}
[2018-03-24T03:09:36,475][INFO ][o.e.n.Node               ] [ht0EVsn] started
[2018-03-24T03:09:37,967][INFO ][o.e.g.GatewayService     ] [ht0EVsn] recovered [5] indices into cluster_state
[2018-03-24T03:09:40,396][INFO ][o.e.c.r.a.AllocationService] [ht0EVsn] Cluster health status changed from [RED] to [YELLOW] (reason: [shards started [[vehicles][1]] ...]).
[2018-03-24T03:27:07,740][WARN ][o.e.m.j.JvmGcMonitorService] [ht0EVsn] [gc][young][624][2] duration [8.2s], collections [1]/[8.3s], total [8.2s]/[8.3s], memory [579mb]->[187.6mb]/[1.9gb], all_pools {[young] [532.5mb]->[5.9mb]/[532.5mb]}{[survivor] [46.4mb]->[66.5mb]/[66.5mb]}{[old] [0b]->[119.7mb]/[1.3gb]}
[2018-03-24T03:27:07,742][WARN ][o.e.m.j.JvmGcMonitorService] [ht0EVsn] [gc][624] overhead, spent [8.2s] collecting in the last [8.3s]
[2018-03-24T05:19:01,684][WARN ][o.e.m.j.JvmGcMonitorService] [ht0EVsn] [gc][young][7302][3] duration [33.2s], collections [1]/[33.8s], total [33.2s]/[41.6s], memory [718.8mb]->[191.5mb]/[1.9gb], all_pools {[young] [532.5mb]->[8.1mb]/[532.5mb]}{[survivor] [66.5mb]->[7.3mb]/[66.5mb]}{[old] [119.7mb]->[178.4mb]/[1.3gb]}
[2018-03-24T05:19:01,685][WARN ][o.e.m.j.JvmGcMonitorService] [ht0EVsn] [gc][7302] overhead, spent [33.2s] collecting in the last [33.8s]
[2018-03-24T07:14:51,677][INFO ][o.e.m.j.JvmGcMonitorService] [ht0EVsn] [gc][14249] overhead, spent [384ms] collecting in the last [1s]
[2018-03-24T17:00:57,903][INFO ][o.e.m.j.JvmGcMonitorService] [ht0EVsn] [gc][49401] overhead, spent [386ms] collecting in the last [1s]
[2018-03-24T18:26:05,883][WARN ][o.e.m.j.JvmGcMonitorService] [ht0EVsn] [gc][young][54498][10] duration [9.6s], collections [1]/[9.8s], total [9.6s]/[52.5s], memory [711.4mb]->[293.4mb]/[1.9gb], all_pools {[young] [532.5mb]->[758.8kb]/[532.5mb]}{[survivor] [357.6kb]->[66.2mb]/[66.5mb]}{[old] [178.5mb]->[226.5mb]/[1.3gb]}
[2018-03-24T18:26:05,884][WARN ][o.e.m.j.JvmGcMonitorService] [ht0EVsn] [gc][54498] overhead, spent [9.6s] collecting in the last [9.8s]
[2018-03-24T20:23:48,501][WARN ][o.e.m.j.JvmGcMonitorService] [ht0EVsn] [gc][young][61537][11] duration [22.1s], collections [1]/[22.1s], total [22.1s]/[1.2m], memory [825.3mb]->[294.1mb]/[1.9gb], all_pools {[young] [532.5mb]->[602.1kb]/[532.5mb]}{[survivor] [66.2mb]->[1mb]/[66.5mb]}{[old] [226.5mb]->[292.5mb]/[1.3gb]}
[2018-03-24T20:23:48,511][WARN ][o.e.m.j.JvmGcMonitorService] [ht0EVsn] [gc][61537] overhead, spent [22.1s] collecting in the last [22.1s]
[2018-03-24T22:21:13,413][WARN ][o.e.m.j.JvmGcMonitorService] [ht0EVsn] [gc][68579] overhead, spent [520ms] collecting in the last [1s]
[2018-03-24T23:50:33,509][WARN ][o.e.t.TransportService   ] [ht0EVsn] Received response for a request that has timed out, sent [64792ms] ago, timed out [42230ms] ago, action [cluster:monitor/nodes/stats[n]], node [{ht0EVsn}{ht0EVsnlRuyePr1G07P69g}{r2oBk_6aS7iHgM3cckXTEg}{127.0.0.1}{127.0.0.1:9300}], id [5334]
