[2017-01-12T03:16:41,205][WARN ][o.e.m.j.JvmGcMonitorService] [ht0EVsn] [gc][young][53791][9] duration [9.5s], collections [1]/[10.3s], total [9.5s]/[20.4s], memory [585.3mb]->[181.3mb]/[1.9gb], all_pools {[young] [531.2mb]->[6.4mb]/[532.5mb]}{[survivor] [391.4kb]->[57.2mb]/[66.5mb]}{[old] [53.6mb]->[117.7mb]/[1.3gb]}
[2017-01-12T03:16:41,427][WARN ][o.e.m.j.JvmGcMonitorService] [ht0EVsn] [gc][53791] overhead, spent [9.5s] collecting in the last [10.3s]
[2017-01-12T05:19:58,443][WARN ][o.e.m.j.JvmGcMonitorService] [ht0EVsn] [gc][young][61177][10] duration [9.2s], collections [1]/[9.6s], total [9.2s]/[29.6s], memory [707.4mb]->[178.7mb]/[1.9gb], all_pools {[young] [532.5mb]->[6.6mb]/[532.5mb]}{[survivor] [57.2mb]->[2mb]/[66.5mb]}{[old] [117.7mb]->[170.3mb]/[1.3gb]}
[2017-01-12T05:19:58,449][WARN ][o.e.m.j.JvmGcMonitorService] [ht0EVsn] [gc][61177] overhead, spent [9.2s] collecting in the last [9.6s]
[2017-01-12T07:23:06,232][INFO ][o.e.m.j.JvmGcMonitorService] [ht0EVsn] [gc][68562] overhead, spent [284ms] collecting in the last [1.1s]
[2017-01-12T17:18:43,448][WARN ][o.e.m.j.JvmGcMonitorService] [ht0EVsn] [gc][young][104287][16] duration [1.2s], collections [1]/[1.5s], total [1.2s]/[31.3s], memory [719.5mb]->[235.7mb]/[1.9gb], all_pools {[young] [532.5mb]->[311kb]/[532.5mb]}{[survivor] [16.6mb]->[65.3mb]/[66.5mb]}{[old] [170.3mb]->[170.3mb]/[1.3gb]}
[2017-01-12T17:18:43,462][WARN ][o.e.m.j.JvmGcMonitorService] [ht0EVsn] [gc][104287] overhead, spent [1.2s] collecting in the last [1.5s]
[2017-01-12T19:16:51,686][WARN ][o.e.m.j.JvmGcMonitorService] [ht0EVsn] [gc][young][111372][17] duration [1.5s], collections [1]/[1.8s], total [1.5s]/[32.9s], memory [768.2mb]->[255.9mb]/[1.9gb], all_pools {[young] [532.5mb]->[3.5mb]/[532.5mb]}{[survivor] [65.3mb]->[17mb]/[66.5mb]}{[old] [170.3mb]->[235.3mb]/[1.3gb]}
[2017-01-12T19:16:51,692][WARN ][o.e.m.j.JvmGcMonitorService] [ht0EVsn] [gc][111372] overhead, spent [1.5s] collecting in the last [1.8s]
[2017-01-12T21:17:21,239][WARN ][o.e.m.j.JvmGcMonitorService] [ht0EVsn] [gc][young][118598][18] duration [1s], collections [1]/[1.5s], total [1s]/[33.9s], memory [785mb]->[251.9mb]/[1.9gb], all_pools {[young] [532.5mb]->[313.3kb]/[532.5mb]}{[survivor] [17mb]->[16.5mb]/[66.5mb]}{[old] [235.3mb]->[235.3mb]/[1.3gb]}
[2017-01-12T21:17:21,249][WARN ][o.e.m.j.JvmGcMonitorService] [ht0EVsn] [gc][118598] overhead, spent [1s] collecting in the last [1.5s]
