[2016-11-14T12:41:42,269][INFO ][o.e.n.Node               ] [] initializing ...
[2016-11-14T12:41:42,618][INFO ][o.e.e.NodeEnvironment    ] [ht0EVsn] using [1] data paths, mounts [[/ (none)]], net usable_space [2.5gb], net total_space [5.2gb], spins? [possibly], types [aufs]
[2016-11-14T12:41:42,619][INFO ][o.e.e.NodeEnvironment    ] [ht0EVsn] heap size [1.9gb], compressed ordinary object pointers [true]
[2016-11-14T12:41:42,648][INFO ][o.e.n.Node               ] [ht0EVsn] node name [ht0EVsn] derived from node ID; set [node.name] to override
[2016-11-14T12:41:42,653][INFO ][o.e.n.Node               ] [ht0EVsn] version[5.0.0], pid[48550], build[253032b/2016-10-26T04:37:51.531Z], OS[Linux/4.2.0-c9/amd64], JVM[Oracle Corporation/Java HotSpot(TM) 64-Bit Server VM/1.8.0_111/25.111-b14]
[2016-11-14T12:41:46,666][INFO ][o.e.p.PluginsService     ] [ht0EVsn] loaded module [aggs-matrix-stats]
[2016-11-14T12:41:46,668][INFO ][o.e.p.PluginsService     ] [ht0EVsn] loaded module [ingest-common]
[2016-11-14T12:41:46,669][INFO ][o.e.p.PluginsService     ] [ht0EVsn] loaded module [lang-expression]
[2016-11-14T12:41:46,669][INFO ][o.e.p.PluginsService     ] [ht0EVsn] loaded module [lang-groovy]
[2016-11-14T12:41:46,669][INFO ][o.e.p.PluginsService     ] [ht0EVsn] loaded module [lang-mustache]
[2016-11-14T12:41:46,670][INFO ][o.e.p.PluginsService     ] [ht0EVsn] loaded module [lang-painless]
[2016-11-14T12:41:46,671][INFO ][o.e.p.PluginsService     ] [ht0EVsn] loaded module [percolator]
[2016-11-14T12:41:46,672][INFO ][o.e.p.PluginsService     ] [ht0EVsn] loaded module [reindex]
[2016-11-14T12:41:46,673][INFO ][o.e.p.PluginsService     ] [ht0EVsn] loaded module [transport-netty3]
[2016-11-14T12:41:46,673][INFO ][o.e.p.PluginsService     ] [ht0EVsn] loaded module [transport-netty4]
[2016-11-14T12:41:46,674][INFO ][o.e.p.PluginsService     ] [ht0EVsn] no plugins loaded
[2016-11-14T12:41:55,498][INFO ][o.e.n.Node               ] [ht0EVsn] initialized
[2016-11-14T12:41:55,498][INFO ][o.e.n.Node               ] [ht0EVsn] starting ...
[2016-11-14T12:41:56,445][INFO ][o.e.t.TransportService   ] [ht0EVsn] publish_address {127.0.0.1:9300}, bound_addresses {[::1]:9300}, {127.0.0.1:9300}
[2016-11-14T12:41:56,490][WARN ][o.e.b.BootstrapCheck     ] [ht0EVsn] max file descriptors [8192] for elasticsearch process likely too low, increase to at least [65536]
[2016-11-14T12:41:56,490][WARN ][o.e.b.BootstrapCheck     ] [ht0EVsn] max virtual memory areas vm.max_map_count [65530] likely too low, increase to at least [262144]
[2016-11-14T12:41:59,686][INFO ][o.e.c.s.ClusterService   ] [ht0EVsn] new_master {ht0EVsn}{ht0EVsnlRuyePr1G07P69g}{U1N0BzwmQRSGRUQ-PKHJ1g}{127.0.0.1}{127.0.0.1:9300}, reason: zen-disco-elected-as-master ([0] nodes joined)
[2016-11-14T12:41:59,742][INFO ][o.e.h.HttpServer         ] [ht0EVsn] publish_address {127.0.0.1:9200}, bound_addresses {[::1]:9200}, {127.0.0.1:9200}
[2016-11-14T12:41:59,742][INFO ][o.e.n.Node               ] [ht0EVsn] started
[2016-11-14T12:42:00,038][INFO ][o.e.g.GatewayService     ] [ht0EVsn] recovered [1] indices into cluster_state
[2016-11-14T12:42:00,664][INFO ][o.e.c.r.a.AllocationService] [ht0EVsn] Cluster health status changed from [RED] to [YELLOW] (reason: [shards started [[vehicles_development_20161105192812009][2]] ...]).
[2016-11-14T13:20:34,185][WARN ][o.e.m.j.JvmGcMonitorService] [ht0EVsn] [gc][young][2315][2] duration [1.9s], collections [1]/[2.3s], total [1.9s]/[2s], memory [578.9mb]->[135mb]/[1.9gb], all_pools {[young] [532.5mb]->[5.3mb]/[532.5mb]}{[survivor] [46.4mb]->[66.5mb]/[66.5mb]}{[old] [0b]->[66.5mb]/[1.3gb]}
[2016-11-14T13:20:34,195][WARN ][o.e.m.j.JvmGcMonitorService] [ht0EVsn] [gc][2315] overhead, spent [1.9s] collecting in the last [2.3s]
[2016-11-14T15:00:43,620][WARN ][o.e.m.j.JvmGcMonitorService] [ht0EVsn] [gc][young][8317][3] duration [6.7s], collections [1]/[6.8s], total [6.7s]/[8.7s], memory [664.3mb]->[128.8mb]/[1.9gb], all_pools {[young] [531.2mb]->[4.9mb]/[532.5mb]}{[survivor] [66.5mb]->[4.6mb]/[66.5mb]}{[old] [66.5mb]->[121.5mb]/[1.3gb]}
[2016-11-14T15:00:43,620][WARN ][o.e.m.j.JvmGcMonitorService] [ht0EVsn] [gc][8317] overhead, spent [6.7s] collecting in the last [6.8s]
[2016-11-14T19:57:37,852][WARN ][o.e.m.j.JvmGcMonitorService] [ht0EVsn] [gc][young][26125][6] duration [1.3s], collections [1]/[1.6s], total [1.3s]/[10.1s], memory [654.5mb]->[156.7mb]/[1.9gb], all_pools {[young] [532.3mb]->[1mb]/[532.5mb]}{[survivor] [643.9kb]->[34.9mb]/[66.5mb]}{[old] [121.5mb]->[121.5mb]/[1.3gb]}
[2016-11-14T19:57:37,854][WARN ][o.e.m.j.JvmGcMonitorService] [ht0EVsn] [gc][26125] overhead, spent [1.3s] collecting in the last [1.6s]
[2016-11-14T21:28:31,834][WARN ][o.e.m.j.JvmGcMonitorService] [ht0EVsn] [gc][young][31569][7] duration [7.8s], collections [1]/[8.4s], total [7.8s]/[18s], memory [688.7mb]->[190.6mb]/[1.9gb], all_pools {[young] [532.2mb]->[2.9mb]/[532.5mb]}{[survivor] [34.9mb]->[34.1mb]/[66.5mb]}{[old] [121.5mb]->[154.2mb]/[1.3gb]}
[2016-11-14T21:28:31,836][WARN ][o.e.m.j.JvmGcMonitorService] [ht0EVsn] [gc][31569] overhead, spent [7.8s] collecting in the last [8.4s]
[2016-11-14T23:09:38,828][WARN ][o.e.m.j.JvmGcMonitorService] [ht0EVsn] [gc][young][37627][8] duration [6.8s], collections [1]/[7.1s], total [6.8s]/[24.8s], memory [720.9mb]->[188.3mb]/[1.9gb], all_pools {[young] [532.5mb]->[596.8kb]/[532.5mb]}{[survivor] [34.1mb]->[656.2kb]/[66.5mb]}{[old] [154.2mb]->[187mb]/[1.3gb]}
[2016-11-14T23:09:38,830][WARN ][o.e.m.j.JvmGcMonitorService] [ht0EVsn] [gc][37627] overhead, spent [6.8s] collecting in the last [7.1s]
