[2016-12-06T01:55:15,757][WARN ][o.e.m.j.JvmGcMonitorService] [ht0EVsn] [gc][young][101796][16] duration [1.7s], collections [1]/[2.1s], total [1.7s]/[20.5s], memory [670.1mb]->[155.4mb]/[1.9gb], all_pools {[young] [531.4mb]->[250.7kb]/[532.5mb]}{[survivor] [32.6mb]->[17mb]/[66.5mb]}{[old] [106mb]->[138.3mb]/[1.3gb]}
[2016-12-06T01:55:15,767][WARN ][o.e.m.j.JvmGcMonitorService] [ht0EVsn] [gc][101796] overhead, spent [1.7s] collecting in the last [2.1s]
[2016-12-06T03:25:49,757][INFO ][o.e.m.j.JvmGcMonitorService] [ht0EVsn] [gc][107228] overhead, spent [528ms] collecting in the last [1.3s]
[2016-12-06T06:20:57,203][INFO ][o.e.m.j.JvmGcMonitorService] [ht0EVsn] [gc][117732] overhead, spent [369ms] collecting in the last [1s]
[2016-12-06T07:46:29,962][WARN ][o.e.m.j.JvmGcMonitorService] [ht0EVsn] [gc][122863] overhead, spent [505ms] collecting in the last [1s]
[2016-12-06T10:33:44,366][WARN ][o.e.m.j.JvmGcMonitorService] [ht0EVsn] [gc][young][132886][22] duration [8.8s], collections [1]/[9.4s], total [8.8s]/[31.1s], memory [687.5mb]->[162.3mb]/[1.9gb], all_pools {[young] [532.1mb]->[7mb]/[532.5mb]}{[survivor] [16.9mb]->[583.9kb]/[66.5mb]}{[old] [138.3mb]->[154.6mb]/[1.3gb]}
[2016-12-06T10:33:44,367][WARN ][o.e.m.j.JvmGcMonitorService] [ht0EVsn] [gc][132886] overhead, spent [8.8s] collecting in the last [9.4s]
[2016-12-06T15:23:06,165][INFO ][o.e.n.Node               ] [ht0EVsn] stopping ...
[2016-12-06T15:23:06,291][INFO ][o.e.n.Node               ] [ht0EVsn] stopped
[2016-12-06T15:23:06,292][INFO ][o.e.n.Node               ] [ht0EVsn] closing ...
[2016-12-06T15:23:06,311][INFO ][o.e.n.Node               ] [ht0EVsn] closed
[2016-12-07T12:38:10,852][INFO ][o.e.n.Node               ] [] initializing ...
[2016-12-07T12:38:11,062][INFO ][o.e.e.NodeEnvironment    ] [ht0EVsn] using [1] data paths, mounts [[/ (none)]], net usable_space [2.4gb], net total_space [5.2gb], spins? [possibly], types [aufs]
[2016-12-07T12:38:11,063][INFO ][o.e.e.NodeEnvironment    ] [ht0EVsn] heap size [1.9gb], compressed ordinary object pointers [true]
[2016-12-07T12:38:11,086][INFO ][o.e.n.Node               ] [ht0EVsn] node name [ht0EVsn] derived from node ID; set [node.name] to override
[2016-12-07T12:38:11,092][INFO ][o.e.n.Node               ] [ht0EVsn] version[5.0.0], pid[26626], build[253032b/2016-10-26T04:37:51.531Z], OS[Linux/4.2.0-c9/amd64], JVM[Oracle Corporation/Java HotSpot(TM) 64-Bit Server VM/1.8.0_111/25.111-b14]
[2016-12-07T12:38:14,570][INFO ][o.e.p.PluginsService     ] [ht0EVsn] loaded module [aggs-matrix-stats]
[2016-12-07T12:38:14,570][INFO ][o.e.p.PluginsService     ] [ht0EVsn] loaded module [ingest-common]
[2016-12-07T12:38:14,571][INFO ][o.e.p.PluginsService     ] [ht0EVsn] loaded module [lang-expression]
[2016-12-07T12:38:14,571][INFO ][o.e.p.PluginsService     ] [ht0EVsn] loaded module [lang-groovy]
[2016-12-07T12:38:14,571][INFO ][o.e.p.PluginsService     ] [ht0EVsn] loaded module [lang-mustache]
[2016-12-07T12:38:14,572][INFO ][o.e.p.PluginsService     ] [ht0EVsn] loaded module [lang-painless]
[2016-12-07T12:38:14,572][INFO ][o.e.p.PluginsService     ] [ht0EVsn] loaded module [percolator]
[2016-12-07T12:38:14,573][INFO ][o.e.p.PluginsService     ] [ht0EVsn] loaded module [reindex]
[2016-12-07T12:38:14,573][INFO ][o.e.p.PluginsService     ] [ht0EVsn] loaded module [transport-netty3]
[2016-12-07T12:38:14,574][INFO ][o.e.p.PluginsService     ] [ht0EVsn] loaded module [transport-netty4]
[2016-12-07T12:38:14,575][INFO ][o.e.p.PluginsService     ] [ht0EVsn] no plugins loaded
[2016-12-07T12:38:21,632][INFO ][o.e.n.Node               ] [ht0EVsn] initialized
[2016-12-07T12:38:21,632][INFO ][o.e.n.Node               ] [ht0EVsn] starting ...
[2016-12-07T12:38:22,594][INFO ][o.e.t.TransportService   ] [ht0EVsn] publish_address {127.0.0.1:9300}, bound_addresses {[::1]:9300}, {127.0.0.1:9300}
[2016-12-07T12:38:22,640][INFO ][o.e.m.j.JvmGcMonitorService] [ht0EVsn] [gc][1] overhead, spent [481ms] collecting in the last [1s]
[2016-12-07T12:38:22,642][WARN ][o.e.b.BootstrapCheck     ] [ht0EVsn] max file descriptors [8192] for elasticsearch process likely too low, increase to at least [65536]
[2016-12-07T12:38:22,643][WARN ][o.e.b.BootstrapCheck     ] [ht0EVsn] max virtual memory areas vm.max_map_count [65530] likely too low, increase to at least [262144]
[2016-12-07T12:38:25,848][INFO ][o.e.c.s.ClusterService   ] [ht0EVsn] new_master {ht0EVsn}{ht0EVsnlRuyePr1G07P69g}{6pZ7Od4LTK6fT9IpVeKTew}{127.0.0.1}{127.0.0.1:9300}, reason: zen-disco-elected-as-master ([0] nodes joined)
[2016-12-07T12:38:25,917][INFO ][o.e.h.HttpServer         ] [ht0EVsn] publish_address {127.0.0.1:9200}, bound_addresses {[::1]:9200}, {127.0.0.1:9200}
[2016-12-07T12:38:25,917][INFO ][o.e.n.Node               ] [ht0EVsn] started
[2016-12-07T12:38:26,381][INFO ][o.e.g.GatewayService     ] [ht0EVsn] recovered [1] indices into cluster_state
[2016-12-07T12:38:27,293][INFO ][o.e.c.r.a.AllocationService] [ht0EVsn] Cluster health status changed from [RED] to [YELLOW] (reason: [shards started [[vehicles_development_20161105192812009][0]] ...]).
[2016-12-07T13:14:38,273][WARN ][o.e.m.j.JvmGcMonitorService] [ht0EVsn] [gc][young][2155][2] duration [2.1s], collections [1]/[2.9s], total [2.1s]/[2.3s], memory [578.9mb]->[99.7mb]/[1.9gb], all_pools {[young] [532.5mb]->[12.7mb]/[532.5mb]}{[survivor] [46.3mb]->[65.3mb]/[66.5mb]}{[old] [0b]->[32.2mb]/[1.3gb]}
[2016-12-07T13:14:38,274][WARN ][o.e.m.j.JvmGcMonitorService] [ht0EVsn] [gc][2155] overhead, spent [2.1s] collecting in the last [2.9s]
[2016-12-07T14:13:43,363][WARN ][o.e.m.j.JvmGcMonitorService] [ht0EVsn] [gc][young][5697][3] duration [2.5s], collections [1]/[2.9s], total [2.5s]/[4.8s], memory [630.2mb]->[59.3mb]/[1.9gb], all_pools {[young] [532.5mb]->[4.9mb]/[532.5mb]}{[survivor] [65.3mb]->[4.5mb]/[66.5mb]}{[old] [32.2mb]->[52.1mb]/[1.3gb]}
[2016-12-07T14:13:43,366][WARN ][o.e.m.j.JvmGcMonitorService] [ht0EVsn] [gc][5697] overhead, spent [2.5s] collecting in the last [2.9s]
[2016-12-07T19:17:00,236][INFO ][o.e.m.j.JvmGcMonitorService] [ht0EVsn] [gc][23886] overhead, spent [333ms] collecting in the last [1s]
[2016-12-07T20:10:22,975][WARN ][o.e.m.j.JvmGcMonitorService] [ht0EVsn] [gc][young][27069][9] duration [17.6s], collections [1]/[18s], total [17.6s]/[23s], memory [584.8mb]->[93.4mb]/[1.9gb], all_pools {[young] [531.9mb]->[4.4mb]/[532.5mb]}{[survivor] [695.2kb]->[37mb]/[66.5mb]}{[old] [52.1mb]->[52.2mb]/[1.3gb]}
[2016-12-07T20:10:22,989][WARN ][o.e.m.j.JvmGcMonitorService] [ht0EVsn] [gc][27069] overhead, spent [17.6s] collecting in the last [18s]
[2016-12-07T21:09:43,185][WARN ][o.e.m.j.JvmGcMonitorService] [ht0EVsn] [gc][young][30611][10] duration [17s], collections [1]/[17.8s], total [17s]/[40s], memory [621.7mb]->[91.3mb]/[1.9gb], all_pools {[young] [532.5mb]->[3mb]/[532.5mb]}{[survivor] [37mb]->[1.3mb]/[66.5mb]}{[old] [52.2mb]->[87.1mb]/[1.3gb]}
[2016-12-07T21:09:43,186][WARN ][o.e.m.j.JvmGcMonitorService] [ht0EVsn] [gc][30611] overhead, spent [17s] collecting in the last [17.8s]
