[2016-11-29T13:27:51,899][INFO ][o.e.n.Node               ] [] initializing ...
[2016-11-29T13:27:52,505][INFO ][o.e.e.NodeEnvironment    ] [ht0EVsn] using [1] data paths, mounts [[/ (none)]], net usable_space [2.5gb], net total_space [5.2gb], spins? [possibly], types [aufs]
[2016-11-29T13:27:52,506][INFO ][o.e.e.NodeEnvironment    ] [ht0EVsn] heap size [1.9gb], compressed ordinary object pointers [true]
[2016-11-29T13:27:52,564][INFO ][o.e.n.Node               ] [ht0EVsn] node name [ht0EVsn] derived from node ID; set [node.name] to override
[2016-11-29T13:27:52,608][INFO ][o.e.n.Node               ] [ht0EVsn] version[5.0.0], pid[5576], build[253032b/2016-10-26T04:37:51.531Z], OS[Linux/4.2.0-c9/amd64], JVM[Oracle Corporation/Java HotSpot(TM) 64-Bit Server VM/1.8.0_111/25.111-b14]
[2016-11-29T13:28:25,822][INFO ][o.e.p.PluginsService     ] [ht0EVsn] loaded module [aggs-matrix-stats]
[2016-11-29T13:28:25,823][INFO ][o.e.p.PluginsService     ] [ht0EVsn] loaded module [ingest-common]
[2016-11-29T13:28:25,823][INFO ][o.e.p.PluginsService     ] [ht0EVsn] loaded module [lang-expression]
[2016-11-29T13:28:25,824][INFO ][o.e.p.PluginsService     ] [ht0EVsn] loaded module [lang-groovy]
[2016-11-29T13:28:25,824][INFO ][o.e.p.PluginsService     ] [ht0EVsn] loaded module [lang-mustache]
[2016-11-29T13:28:25,965][INFO ][o.e.p.PluginsService     ] [ht0EVsn] loaded module [lang-painless]
[2016-11-29T13:28:25,965][INFO ][o.e.p.PluginsService     ] [ht0EVsn] loaded module [percolator]
[2016-11-29T13:28:25,965][INFO ][o.e.p.PluginsService     ] [ht0EVsn] loaded module [reindex]
[2016-11-29T13:28:25,966][INFO ][o.e.p.PluginsService     ] [ht0EVsn] loaded module [transport-netty3]
[2016-11-29T13:28:25,966][INFO ][o.e.p.PluginsService     ] [ht0EVsn] loaded module [transport-netty4]
[2016-11-29T13:28:25,969][INFO ][o.e.p.PluginsService     ] [ht0EVsn] no plugins loaded
[2016-11-29T13:29:02,436][INFO ][o.e.n.Node               ] [ht0EVsn] initialized
[2016-11-29T13:29:02,437][INFO ][o.e.n.Node               ] [ht0EVsn] starting ...
[2016-11-29T13:29:03,218][INFO ][o.e.t.TransportService   ] [ht0EVsn] publish_address {127.0.0.1:9300}, bound_addresses {[::1]:9300}, {127.0.0.1:9300}
[2016-11-29T13:29:03,243][WARN ][o.e.b.BootstrapCheck     ] [ht0EVsn] max file descriptors [8192] for elasticsearch process likely too low, increase to at least [65536]
[2016-11-29T13:29:03,243][WARN ][o.e.b.BootstrapCheck     ] [ht0EVsn] max virtual memory areas vm.max_map_count [65530] likely too low, increase to at least [262144]
[2016-11-29T13:29:06,328][INFO ][o.e.c.s.ClusterService   ] [ht0EVsn] new_master {ht0EVsn}{ht0EVsnlRuyePr1G07P69g}{DL52_q3-RUGwV9wDY7NakA}{127.0.0.1}{127.0.0.1:9300}, reason: zen-disco-elected-as-master ([0] nodes joined)
[2016-11-29T13:29:06,566][INFO ][o.e.h.HttpServer         ] [ht0EVsn] publish_address {127.0.0.1:9200}, bound_addresses {[::1]:9200}, {127.0.0.1:9200}
[2016-11-29T13:29:06,567][INFO ][o.e.n.Node               ] [ht0EVsn] started
[2016-11-29T13:29:10,246][INFO ][o.e.g.GatewayService     ] [ht0EVsn] recovered [1] indices into cluster_state
[2016-11-29T13:29:14,785][INFO ][o.e.m.j.JvmGcMonitorService] [ht0EVsn] [gc][10] overhead, spent [397ms] collecting in the last [1.4s]
[2016-11-29T13:29:41,429][INFO ][o.e.c.r.a.AllocationService] [ht0EVsn] Cluster health status changed from [RED] to [YELLOW] (reason: [shards started [[vehicles_development_20161105192812009][3]] ...]).
[2016-11-29T13:37:14,790][WARN ][o.e.m.j.JvmGcMonitorService] [ht0EVsn] [gc][young][481][2] duration [1.9s], collections [1]/[2.2s], total [1.9s]/[2.1s], memory [575.9mb]->[172mb]/[1.9gb], all_pools {[young] [529.6mb]->[7mb]/[532.5mb]}{[survivor] [46.3mb]->[66.4mb]/[66.5mb]}{[old] [0b]->[101.9mb]/[1.3gb]}
[2016-11-29T13:37:14,794][WARN ][o.e.m.j.JvmGcMonitorService] [ht0EVsn] [gc][481] overhead, spent [1.9s] collecting in the last [2.2s]
[2016-11-29T14:02:20,844][WARN ][o.e.m.j.JvmGcMonitorService] [ht0EVsn] [gc][young][1981][3] duration [1.7s], collections [1]/[1.9s], total [1.7s]/[3.9s], memory [695.4mb]->[279.5mb]/[1.9gb], all_pools {[young] [527mb]->[4.2mb]/[532.5mb]}{[survivor] [66.4mb]->[56mb]/[66.5mb]}{[old] [101.9mb]->[221.4mb]/[1.3gb]}
[2016-11-29T14:02:20,845][WARN ][o.e.m.j.JvmGcMonitorService] [ht0EVsn] [gc][1981] overhead, spent [1.7s] collecting in the last [1.9s]
[2016-11-29T14:40:25,037][WARN ][o.e.m.j.JvmGcMonitorService] [ht0EVsn] [gc][young][4264][4] duration [1.3s], collections [1]/[1.4s], total [1.3s]/[5.2s], memory [806.1mb]->[274mb]/[1.9gb], all_pools {[young] [528.6mb]->[4.1mb]/[532.5mb]}{[survivor] [56mb]->[2.5mb]/[66.5mb]}{[old] [221.4mb]->[271.4mb]/[1.3gb]}
[2016-11-29T14:40:25,038][WARN ][o.e.m.j.JvmGcMonitorService] [ht0EVsn] [gc][4264] overhead, spent [1.3s] collecting in the last [1.4s]
[2016-11-29T15:54:06,982][WARN ][o.e.m.j.JvmGcMonitorService] [ht0EVsn] [gc][young][8671][6] duration [3.7s], collections [1]/[4.3s], total [3.7s]/[9s], memory [821mb]->[292.7mb]/[1.9gb], all_pools {[young] [532.1mb]->[4mb]/[532.5mb]}{[survivor] [17.3mb]->[17.9mb]/[66.5mb]}{[old] [271.4mb]->[271.4mb]/[1.3gb]}
[2016-11-29T15:54:06,983][WARN ][o.e.m.j.JvmGcMonitorService] [ht0EVsn] [gc][8671] overhead, spent [3.7s] collecting in the last [4.3s]
[2016-11-29T19:05:30,810][WARN ][o.e.m.j.JvmGcMonitorService] [ht0EVsn] [gc][young][20141][11] duration [10.2s], collections [1]/[10.7s], total [10.2s]/[19.5s], memory [818.2mb]->[295.8mb]/[1.9gb], all_pools {[young] [528.1mb]->[6.5mb]/[532.5mb]}{[survivor] [18.6mb]->[1.7mb]/[66.5mb]}{[old] [271.4mb]->[287.7mb]/[1.3gb]}
[2016-11-29T19:05:30,811][WARN ][o.e.m.j.JvmGcMonitorService] [ht0EVsn] [gc][20141] overhead, spent [10.2s] collecting in the last [10.7s]
