[2017-04-04T01:37:36,625][WARN ][o.e.m.j.JvmGcMonitorService] [ht0EVsn] [gc][young][8495][2] duration [4.1s], collections [1]/[4.1s], total [4.1s]/[4.3s], memory [579.1mb]->[106.3mb]/[1.9gb], all_pools {[young] [532.5mb]->[9.7mb]/[532.5mb]}{[survivor] [46.5mb]->[65.3mb]/[66.5mb]}{[old] [0b]->[32.3mb]/[1.3gb]}
[2017-04-04T01:37:36,657][WARN ][o.e.m.j.JvmGcMonitorService] [ht0EVsn] [gc][8495] overhead, spent [4.1s] collecting in the last [4.1s]
[2017-04-04T05:11:18,803][WARN ][o.e.m.j.JvmGcMonitorService] [ht0EVsn] [gc][young][21286][3] duration [25.3s], collections [1]/[25.8s], total [25.3s]/[29.6s], memory [630.2mb]->[56.2mb]/[1.9gb], all_pools {[young] [532.5mb]->[2.5mb]/[532.5mb]}{[survivor] [65.3mb]->[4.3mb]/[66.5mb]}{[old] [32.3mb]->[51.8mb]/[1.3gb]}
[2017-04-04T05:11:18,805][WARN ][o.e.m.j.JvmGcMonitorService] [ht0EVsn] [gc][21286] overhead, spent [25.3s] collecting in the last [25.8s]
[2017-04-04T11:17:28,620][WARN ][o.e.m.j.JvmGcMonitorService] [ht0EVsn] [gc][young][43249][5] duration [1.8s], collections [1]/[2.4s], total [1.8s]/[31.6s], memory [571.1mb]->[136.8mb]/[1.9gb], all_pools {[young] [518mb]->[17.3mb]/[532.5mb]}{[survivor] [1.2mb]->[52.9mb]/[66.5mb]}{[old] [51.8mb]->[67.8mb]/[1.3gb]}
[2017-04-04T11:17:28,621][WARN ][o.e.m.j.JvmGcMonitorService] [ht0EVsn] [gc][43249] overhead, spent [1.8s] collecting in the last [2.4s]
[2017-04-04T13:32:36,048][WARN ][o.e.m.j.JvmGcMonitorService] [ht0EVsn] [gc][young][51345][6] duration [9s], collections [1]/[9.9s], total [9s]/[40.6s], memory [653.2mb]->[286.3mb]/[1.9gb], all_pools {[young] [532.4mb]->[6.5mb]/[532.5mb]}{[survivor] [52.9mb]->[66.5mb]/[66.5mb]}{[old] [67.8mb]->[216.7mb]/[1.3gb]}
[2017-04-04T13:32:36,057][WARN ][o.e.m.j.JvmGcMonitorService] [ht0EVsn] [gc][51345] overhead, spent [9s] collecting in the last [9.9s]
[2017-04-04T16:46:14,833][WARN ][o.e.m.j.JvmGcMonitorService] [ht0EVsn] [gc][young][62954][7] duration [4.4s], collections [1]/[4.7s], total [4.4s]/[45.1s], memory [813.2mb]->[287.1mb]/[1.9gb], all_pools {[young] [530mb]->[3.4mb]/[532.5mb]}{[survivor] [66.5mb]->[1.7mb]/[66.5mb]}{[old] [216.7mb]->[282.8mb]/[1.3gb]}
[2017-04-04T16:46:14,834][WARN ][o.e.m.j.JvmGcMonitorService] [ht0EVsn] [gc][62954] overhead, spent [4.4s] collecting in the last [4.7s]
