[2016-11-21T04:26:51,980][WARN ][o.e.m.j.JvmGcMonitorService] [ht0EVsn] [gc][young][288714][39] duration [2.3s], collections [1]/[2.4s], total [2.3s]/[25.4s], memory [773.7mb]->[293.4mb]/[1.9gb], all_pools {[young] [532.5mb]->[3.6mb]/[532.5mb]}{[survivor] [171.3kb]->[48.8mb]/[66.5mb]}{[old] [241mb]->[241mb]/[1.3gb]}
[2016-11-21T04:26:51,983][WARN ][o.e.m.j.JvmGcMonitorService] [ht0EVsn] [gc][288714] overhead, spent [2.3s] collecting in the last [2.4s]
[2016-11-21T06:27:04,382][WARN ][o.e.m.j.JvmGcMonitorService] [ht0EVsn] [gc][young][295918][40] duration [6.8s], collections [1]/[7.5s], total [6.8s]/[32.3s], memory [822.4mb]->[297mb]/[1.9gb], all_pools {[young] [532.5mb]->[10.2mb]/[532.5mb]}{[survivor] [48.8mb]->[424.5kb]/[66.5mb]}{[old] [241mb]->[289.7mb]/[1.3gb]}
[2016-11-21T06:27:04,385][WARN ][o.e.m.j.JvmGcMonitorService] [ht0EVsn] [gc][295918] overhead, spent [6.8s] collecting in the last [7.5s]
[2016-11-21T12:34:30,538][INFO ][o.e.n.Node               ] [] initializing ...
[2016-11-21T12:34:30,727][INFO ][o.e.e.NodeEnvironment    ] [ht0EVsn] using [1] data paths, mounts [[/ (none)]], net usable_space [2.5gb], net total_space [5.2gb], spins? [possibly], types [aufs]
[2016-11-21T12:34:30,728][INFO ][o.e.e.NodeEnvironment    ] [ht0EVsn] heap size [1.9gb], compressed ordinary object pointers [true]
[2016-11-21T12:34:30,747][INFO ][o.e.n.Node               ] [ht0EVsn] node name [ht0EVsn] derived from node ID; set [node.name] to override
[2016-11-21T12:34:30,751][INFO ][o.e.n.Node               ] [ht0EVsn] version[5.0.0], pid[11732], build[253032b/2016-10-26T04:37:51.531Z], OS[Linux/4.2.0-c9/amd64], JVM[Oracle Corporation/Java HotSpot(TM) 64-Bit Server VM/1.8.0_111/25.111-b14]
[2016-11-21T12:34:33,822][INFO ][o.e.p.PluginsService     ] [ht0EVsn] loaded module [aggs-matrix-stats]
[2016-11-21T12:34:33,823][INFO ][o.e.p.PluginsService     ] [ht0EVsn] loaded module [ingest-common]
[2016-11-21T12:34:33,823][INFO ][o.e.p.PluginsService     ] [ht0EVsn] loaded module [lang-expression]
[2016-11-21T12:34:33,824][INFO ][o.e.p.PluginsService     ] [ht0EVsn] loaded module [lang-groovy]
[2016-11-21T12:34:33,825][INFO ][o.e.p.PluginsService     ] [ht0EVsn] loaded module [lang-mustache]
[2016-11-21T12:34:33,825][INFO ][o.e.p.PluginsService     ] [ht0EVsn] loaded module [lang-painless]
[2016-11-21T12:34:33,825][INFO ][o.e.p.PluginsService     ] [ht0EVsn] loaded module [percolator]
[2016-11-21T12:34:33,827][INFO ][o.e.p.PluginsService     ] [ht0EVsn] loaded module [reindex]
[2016-11-21T12:34:33,827][INFO ][o.e.p.PluginsService     ] [ht0EVsn] loaded module [transport-netty3]
[2016-11-21T12:34:33,827][INFO ][o.e.p.PluginsService     ] [ht0EVsn] loaded module [transport-netty4]
[2016-11-21T12:34:33,828][INFO ][o.e.p.PluginsService     ] [ht0EVsn] no plugins loaded
[2016-11-21T12:34:41,630][INFO ][o.e.n.Node               ] [ht0EVsn] initialized
[2016-11-21T12:34:41,631][INFO ][o.e.n.Node               ] [ht0EVsn] starting ...
[2016-11-21T12:34:42,645][WARN ][o.e.m.j.JvmGcMonitorService] [ht0EVsn] [gc][1] overhead, spent [531ms] collecting in the last [1s]
[2016-11-21T12:34:42,696][INFO ][o.e.t.TransportService   ] [ht0EVsn] publish_address {127.0.0.1:9300}, bound_addresses {[::1]:9300}, {127.0.0.1:9300}
[2016-11-21T12:34:42,709][WARN ][o.e.b.BootstrapCheck     ] [ht0EVsn] max file descriptors [8192] for elasticsearch process likely too low, increase to at least [65536]
[2016-11-21T12:34:42,711][WARN ][o.e.b.BootstrapCheck     ] [ht0EVsn] max virtual memory areas vm.max_map_count [65530] likely too low, increase to at least [262144]
[2016-11-21T12:34:46,001][INFO ][o.e.c.s.ClusterService   ] [ht0EVsn] new_master {ht0EVsn}{ht0EVsnlRuyePr1G07P69g}{W01GC_a9TsWbE6EqzVlwiA}{127.0.0.1}{127.0.0.1:9300}, reason: zen-disco-elected-as-master ([0] nodes joined)
[2016-11-21T12:34:46,184][INFO ][o.e.h.HttpServer         ] [ht0EVsn] publish_address {127.0.0.1:9200}, bound_addresses {[::1]:9200}, {127.0.0.1:9200}
[2016-11-21T12:34:46,185][INFO ][o.e.n.Node               ] [ht0EVsn] started
[2016-11-21T12:34:46,690][INFO ][o.e.g.GatewayService     ] [ht0EVsn] recovered [1] indices into cluster_state
[2016-11-21T12:34:47,774][INFO ][o.e.c.r.a.AllocationService] [ht0EVsn] Cluster health status changed from [RED] to [YELLOW] (reason: [shards started [[vehicles_development_20161105192812009][2]] ...]).
[2016-11-21T13:27:53,679][WARN ][o.e.m.j.JvmGcMonitorService] [ht0EVsn] [gc][young][3189][2] duration [1.9s], collections [1]/[2.3s], total [1.9s]/[2.1s], memory [578.8mb]->[125.8mb]/[1.9gb], all_pools {[young] [532.5mb]->[8.2mb]/[532.5mb]}{[survivor] [46.3mb]->[66.4mb]/[66.5mb]}{[old] [0b]->[52.2mb]/[1.3gb]}
[2016-11-21T13:27:53,680][WARN ][o.e.m.j.JvmGcMonitorService] [ht0EVsn] [gc][3189] overhead, spent [1.9s] collecting in the last [2.3s]
[2016-11-21T15:04:33,031][WARN ][o.e.m.j.JvmGcMonitorService] [ht0EVsn] [gc][young][8982][3] duration [3.4s], collections [1]/[4.3s], total [3.4s]/[5.5s], memory [650.8mb]->[147.4mb]/[1.9gb], all_pools {[young] [532.1mb]->[5.4mb]/[532.5mb]}{[survivor] [66.4mb]->[53.8mb]/[66.5mb]}{[old] [52.2mb]->[92.6mb]/[1.3gb]}
[2016-11-21T15:04:33,032][WARN ][o.e.m.j.JvmGcMonitorService] [ht0EVsn] [gc][8982] overhead, spent [3.4s] collecting in the last [4.3s]
[2016-11-21T17:01:09,426][WARN ][o.e.m.j.JvmGcMonitorService] [ht0EVsn] [gc][young][15976][4] duration [1.6s], collections [1]/[1.7s], total [1.6s]/[7.2s], memory [679mb]->[147.6mb]/[1.9gb], all_pools {[young] [532.5mb]->[4.2mb]/[532.5mb]}{[survivor] [53.8mb]->[1.7mb]/[66.5mb]}{[old] [92.6mb]->[141.6mb]/[1.3gb]}
[2016-11-21T17:01:09,426][WARN ][o.e.m.j.JvmGcMonitorService] [ht0EVsn] [gc][15976] overhead, spent [1.6s] collecting in the last [1.7s]
