[2016-12-14T12:27:48,878][INFO ][o.e.n.Node               ] [] initializing ...
[2016-12-14T12:27:49,395][INFO ][o.e.e.NodeEnvironment    ] [ht0EVsn] using [1] data paths, mounts [[/ (none)]], net usable_space [2.4gb], net total_space [5.2gb], spins? [possibly], types [aufs]
[2016-12-14T12:27:49,396][INFO ][o.e.e.NodeEnvironment    ] [ht0EVsn] heap size [1.9gb], compressed ordinary object pointers [true]
[2016-12-14T12:27:49,458][INFO ][o.e.n.Node               ] [ht0EVsn] node name [ht0EVsn] derived from node ID; set [node.name] to override
[2016-12-14T12:27:49,472][INFO ][o.e.n.Node               ] [ht0EVsn] version[5.0.0], pid[46880], build[253032b/2016-10-26T04:37:51.531Z], OS[Linux/4.2.0-c9/amd64], JVM[Oracle Corporation/Java HotSpot(TM) 64-Bit Server VM/1.8.0_111/25.111-b14]
[2016-12-14T12:28:24,010][INFO ][o.e.p.PluginsService     ] [ht0EVsn] loaded module [aggs-matrix-stats]
[2016-12-14T12:28:24,012][INFO ][o.e.p.PluginsService     ] [ht0EVsn] loaded module [ingest-common]
[2016-12-14T12:28:24,013][INFO ][o.e.p.PluginsService     ] [ht0EVsn] loaded module [lang-expression]
[2016-12-14T12:28:24,013][INFO ][o.e.p.PluginsService     ] [ht0EVsn] loaded module [lang-groovy]
[2016-12-14T12:28:24,013][INFO ][o.e.p.PluginsService     ] [ht0EVsn] loaded module [lang-mustache]
[2016-12-14T12:28:24,028][INFO ][o.e.p.PluginsService     ] [ht0EVsn] loaded module [lang-painless]
[2016-12-14T12:28:24,028][INFO ][o.e.p.PluginsService     ] [ht0EVsn] loaded module [percolator]
[2016-12-14T12:28:24,029][INFO ][o.e.p.PluginsService     ] [ht0EVsn] loaded module [reindex]
[2016-12-14T12:28:24,029][INFO ][o.e.p.PluginsService     ] [ht0EVsn] loaded module [transport-netty3]
[2016-12-14T12:28:24,030][INFO ][o.e.p.PluginsService     ] [ht0EVsn] loaded module [transport-netty4]
[2016-12-14T12:28:24,050][INFO ][o.e.p.PluginsService     ] [ht0EVsn] no plugins loaded
[2016-12-14T12:29:30,068][INFO ][o.e.n.Node               ] [ht0EVsn] initialized
[2016-12-14T12:29:30,070][INFO ][o.e.n.Node               ] [ht0EVsn] starting ...
[2016-12-14T12:29:31,049][INFO ][o.e.t.TransportService   ] [ht0EVsn] publish_address {127.0.0.1:9300}, bound_addresses {[::1]:9300}, {127.0.0.1:9300}
[2016-12-14T12:29:31,077][INFO ][o.e.m.j.JvmGcMonitorService] [ht0EVsn] [gc][1] overhead, spent [436ms] collecting in the last [1s]
[2016-12-14T12:29:31,083][WARN ][o.e.b.BootstrapCheck     ] [ht0EVsn] max file descriptors [8192] for elasticsearch process likely too low, increase to at least [65536]
[2016-12-14T12:29:31,083][WARN ][o.e.b.BootstrapCheck     ] [ht0EVsn] max virtual memory areas vm.max_map_count [65530] likely too low, increase to at least [262144]
[2016-12-14T12:29:34,238][INFO ][o.e.c.s.ClusterService   ] [ht0EVsn] new_master {ht0EVsn}{ht0EVsnlRuyePr1G07P69g}{8cDXMGrWQz20bMXrOVCiIQ}{127.0.0.1}{127.0.0.1:9300}, reason: zen-disco-elected-as-master ([0] nodes joined)
[2016-12-14T12:29:34,297][INFO ][o.e.h.HttpServer         ] [ht0EVsn] publish_address {127.0.0.1:9200}, bound_addresses {[::1]:9200}, {127.0.0.1:9200}
[2016-12-14T12:29:34,297][INFO ][o.e.n.Node               ] [ht0EVsn] started
[2016-12-14T12:29:34,770][INFO ][o.e.g.GatewayService     ] [ht0EVsn] recovered [1] indices into cluster_state
[2016-12-14T12:29:35,452][INFO ][o.e.c.r.a.AllocationService] [ht0EVsn] Cluster health status changed from [RED] to [YELLOW] (reason: [shards started [[vehicles_development_20161105192812009][2]] ...]).
[2016-12-14T12:49:11,097][WARN ][o.e.m.j.JvmGcMonitorService] [ht0EVsn] [gc][young][1173][2] duration [4.9s], collections [1]/[5.3s], total [4.9s]/[5.3s], memory [577.7mb]->[126.3mb]/[1.9gb], all_pools {[young] [531.4mb]->[7.4mb]/[532.5mb]}{[survivor] [46.3mb]->[66.4mb]/[66.5mb]}{[old] [0b]->[52.3mb]/[1.3gb]}
[2016-12-14T12:49:11,102][WARN ][o.e.m.j.JvmGcMonitorService] [ht0EVsn] [gc][1173] overhead, spent [4.9s] collecting in the last [5.3s]
[2016-12-14T13:34:15,791][WARN ][o.e.m.j.JvmGcMonitorService] [ht0EVsn] [gc][young][3875][3] duration [2.1s], collections [1]/[2.8s], total [2.1s]/[7.4s], memory [648.6mb]->[114.7mb]/[1.9gb], all_pools {[young] [529.7mb]->[5mb]/[532.5mb]}{[survivor] [66.4mb]->[20.7mb]/[66.5mb]}{[old] [52.3mb]->[91.2mb]/[1.3gb]}
[2016-12-14T13:34:15,791][WARN ][o.e.m.j.JvmGcMonitorService] [ht0EVsn] [gc][3875] overhead, spent [2.1s] collecting in the last [2.8s]
[2016-12-14T14:23:21,376][WARN ][o.e.m.j.JvmGcMonitorService] [ht0EVsn] [gc][young][6818][4] duration [1.9s], collections [1]/[2.3s], total [1.9s]/[9.3s], memory [644.5mb]->[128.7mb]/[1.9gb], all_pools {[young] [532.5mb]->[4.9mb]/[532.5mb]}{[survivor] [20.7mb]->[34mb]/[66.5mb]}{[old] [91.2mb]->[91.2mb]/[1.3gb]}
[2016-12-14T14:23:21,378][WARN ][o.e.m.j.JvmGcMonitorService] [ht0EVsn] [gc][6818] overhead, spent [1.9s] collecting in the last [2.3s]
[2016-12-14T16:50:07,963][WARN ][o.e.m.j.JvmGcMonitorService] [ht0EVsn] [gc][young][15614][7] duration [8.4s], collections [1]/[8.5s], total [8.4s]/[17.9s], memory [672.6mb]->[128mb]/[1.9gb], all_pools {[young] [531.8mb]->[3.5mb]/[532.5mb]}{[survivor] [49.5mb]->[17.4mb]/[66.5mb]}{[old] [91.2mb]->[107.5mb]/[1.3gb]}
[2016-12-14T16:50:07,967][WARN ][o.e.m.j.JvmGcMonitorService] [ht0EVsn] [gc][15614] overhead, spent [8.4s] collecting in the last [8.5s]
[2016-12-14T17:40:12,247][WARN ][o.e.m.j.JvmGcMonitorService] [ht0EVsn] [gc][18617] overhead, spent [518ms] collecting in the last [1s]
[2016-12-14T20:10:35,038][INFO ][o.e.m.j.JvmGcMonitorService] [ht0EVsn] [gc][27635] overhead, spent [296ms] collecting in the last [1s]
[2016-12-14T21:01:00,966][WARN ][o.e.m.j.JvmGcMonitorService] [ht0EVsn] [gc][young][30656][12] duration [3.7s], collections [1]/[4.5s], total [3.7s]/[22.8s], memory [655.8mb]->[124.7mb]/[1.9gb], all_pools {[young] [531.5mb]->[175.7kb]/[532.5mb]}{[survivor] [16.6mb]->[843.5kb]/[66.5mb]}{[old] [107.5mb]->[123.9mb]/[1.3gb]}
[2016-12-14T21:01:00,978][WARN ][o.e.m.j.JvmGcMonitorService] [ht0EVsn] [gc][30656] overhead, spent [3.7s] collecting in the last [4.5s]
