[2017-08-31T01:03:32,439][INFO ][o.e.n.Node               ] [] initializing ...
[2017-08-31T01:03:32,688][INFO ][o.e.e.NodeEnvironment    ] [ht0EVsn] using [1] data paths, mounts [[/ (none)]], net usable_space [6.9gb], net total_space [10.6gb], spins? [possibly], types [aufs]
[2017-08-31T01:03:32,688][INFO ][o.e.e.NodeEnvironment    ] [ht0EVsn] heap size [1.9gb], compressed ordinary object pointers [true]
[2017-08-31T01:03:32,883][INFO ][o.e.n.Node               ] [ht0EVsn] node name [ht0EVsn] derived from node ID; set [node.name] to override
[2017-08-31T01:03:32,888][INFO ][o.e.n.Node               ] [ht0EVsn] version[5.0.0], pid[29938], build[253032b/2016-10-26T04:37:51.531Z], OS[Linux/4.9.17-c9/amd64], JVM[Oracle Corporation/Java HotSpot(TM) 64-Bit Server VM/1.8.0_111/25.111-b14]
[2017-08-31T01:03:59,750][INFO ][o.e.p.PluginsService     ] [ht0EVsn] loaded module [aggs-matrix-stats]
[2017-08-31T01:03:59,751][INFO ][o.e.p.PluginsService     ] [ht0EVsn] loaded module [ingest-common]
[2017-08-31T01:03:59,751][INFO ][o.e.p.PluginsService     ] [ht0EVsn] loaded module [lang-expression]
[2017-08-31T01:03:59,751][INFO ][o.e.p.PluginsService     ] [ht0EVsn] loaded module [lang-groovy]
[2017-08-31T01:03:59,751][INFO ][o.e.p.PluginsService     ] [ht0EVsn] loaded module [lang-mustache]
[2017-08-31T01:03:59,751][INFO ][o.e.p.PluginsService     ] [ht0EVsn] loaded module [lang-painless]
[2017-08-31T01:03:59,751][INFO ][o.e.p.PluginsService     ] [ht0EVsn] loaded module [percolator]
[2017-08-31T01:03:59,752][INFO ][o.e.p.PluginsService     ] [ht0EVsn] loaded module [reindex]
[2017-08-31T01:03:59,752][INFO ][o.e.p.PluginsService     ] [ht0EVsn] loaded module [transport-netty3]
[2017-08-31T01:03:59,752][INFO ][o.e.p.PluginsService     ] [ht0EVsn] loaded module [transport-netty4]
[2017-08-31T01:03:59,753][INFO ][o.e.p.PluginsService     ] [ht0EVsn] no plugins loaded
[2017-08-31T01:04:06,434][INFO ][o.e.n.Node               ] [ht0EVsn] initialized
[2017-08-31T01:04:06,435][INFO ][o.e.n.Node               ] [ht0EVsn] starting ...
[2017-08-31T01:05:08,016][INFO ][o.e.t.TransportService   ] [ht0EVsn] publish_address {127.0.0.1:9300}, bound_addresses {[::1]:9300}, {127.0.0.1:9300}
[2017-08-31T01:05:08,033][WARN ][o.e.b.BootstrapCheck     ] [ht0EVsn] max file descriptors [8192] for elasticsearch process likely too low, increase to at least [65536]
[2017-08-31T01:05:08,033][WARN ][o.e.b.BootstrapCheck     ] [ht0EVsn] max virtual memory areas vm.max_map_count [65530] likely too low, increase to at least [262144]
[2017-08-31T01:05:11,133][INFO ][o.e.c.s.ClusterService   ] [ht0EVsn] new_master {ht0EVsn}{ht0EVsnlRuyePr1G07P69g}{BpH7dj14QLKKgfr1B4itqg}{127.0.0.1}{127.0.0.1:9300}, reason: zen-disco-elected-as-master ([0] nodes joined)
[2017-08-31T01:05:11,171][INFO ][o.e.h.HttpServer         ] [ht0EVsn] publish_address {127.0.0.1:9200}, bound_addresses {[::1]:9200}, {127.0.0.1:9200}
[2017-08-31T01:05:11,171][INFO ][o.e.n.Node               ] [ht0EVsn] started
[2017-08-31T01:05:12,289][INFO ][o.e.g.GatewayService     ] [ht0EVsn] recovered [4] indices into cluster_state
[2017-08-31T01:05:14,350][INFO ][o.e.c.r.a.AllocationService] [ht0EVsn] Cluster health status changed from [RED] to [YELLOW] (reason: [shards started [[vehicles][1]] ...]).
[2017-08-31T01:37:12,220][WARN ][o.e.m.j.JvmGcMonitorService] [ht0EVsn] [gc][young][1840][2] duration [4.7s], collections [1]/[5.5s], total [4.7s]/[4.8s], memory [578.9mb]->[109.8mb]/[1.9gb], all_pools {[young] [532.5mb]->[8.7mb]/[532.5mb]}{[survivor] [46.3mb]->[56.3mb]/[66.5mb]}{[old] [0b]->[48.2mb]/[1.3gb]}
[2017-08-31T01:37:12,231][WARN ][o.e.m.j.JvmGcMonitorService] [ht0EVsn] [gc][1840] overhead, spent [4.7s] collecting in the last [5.5s]
[2017-08-31T03:15:09,805][WARN ][o.e.m.j.JvmGcMonitorService] [ht0EVsn] [gc][young][7707][3] duration [7.6s], collections [1]/[8.5s], total [7.6s]/[12.4s], memory [637mb]->[82.8mb]/[1.9gb], all_pools {[young] [532.4mb]->[4.6mb]/[532.5mb]}{[survivor] [56.3mb]->[6.3mb]/[66.5mb]}{[old] [48.2mb]->[74.2mb]/[1.3gb]}
[2017-08-31T03:15:09,811][WARN ][o.e.m.j.JvmGcMonitorService] [ht0EVsn] [gc][7707] overhead, spent [7.6s] collecting in the last [8.5s]
[2017-08-31T11:19:13,194][WARN ][o.e.m.j.JvmGcMonitorService] [ht0EVsn] [gc][young][36739][8] duration [1.5s], collections [1]/[2.1s], total [1.5s]/[14.1s], memory [607.4mb]->[191.3mb]/[1.9gb], all_pools {[young] [532.5mb]->[3.3mb]/[532.5mb]}{[survivor] [672.5kb]->[66.2mb]/[66.5mb]}{[old] [74.2mb]->[122.2mb]/[1.3gb]}
[2017-08-31T11:19:13,199][WARN ][o.e.m.j.JvmGcMonitorService] [ht0EVsn] [gc][36739] overhead, spent [1.5s] collecting in the last [2.1s]
[2017-08-31T12:52:55,881][WARN ][o.e.m.j.JvmGcMonitorService] [ht0EVsn] [gc][young][42355][9] duration [5.4s], collections [1]/[5.8s], total [5.4s]/[19.6s], memory [720.6mb]->[228.4mb]/[1.9gb], all_pools {[young] [532.1mb]->[6.1mb]/[532.5mb]}{[survivor] [66.2mb]->[33.9mb]/[66.5mb]}{[old] [122.2mb]->[188.2mb]/[1.3gb]}
[2017-08-31T12:52:55,883][WARN ][o.e.m.j.JvmGcMonitorService] [ht0EVsn] [gc][42355] overhead, spent [5.4s] collecting in the last [5.8s]
[2017-08-31T19:22:46,004][WARN ][o.e.m.j.JvmGcMonitorService] [ht0EVsn] [gc][young][65722][13] duration [15.6s], collections [1]/[15.7s], total [15.6s]/[35.4s], memory [786.5mb]->[305.9mb]/[1.9gb], all_pools {[young] [532.5mb]->[3.3mb]/[532.5mb]}{[survivor] [65.7mb]->[66mb]/[66.5mb]}{[old] [188.2mb]->[236.8mb]/[1.3gb]}
[2017-08-31T19:22:46,006][WARN ][o.e.m.j.JvmGcMonitorService] [ht0EVsn] [gc][65722] overhead, spent [15.6s] collecting in the last [15.7s]
[2017-08-31T21:05:06,607][WARN ][o.e.m.j.JvmGcMonitorService] [ht0EVsn] [gc][young][71855][14] duration [4.9s], collections [1]/[5.8s], total [4.9s]/[40.3s], memory [833.5mb]->[306.2mb]/[1.9gb], all_pools {[young] [530.6mb]->[3.4mb]/[532.5mb]}{[survivor] [66mb]->[33.5mb]/[66.5mb]}{[old] [236.8mb]->[269.4mb]/[1.3gb]}
[2017-08-31T21:05:06,613][WARN ][o.e.m.j.JvmGcMonitorService] [ht0EVsn] [gc][71855] overhead, spent [4.9s] collecting in the last [5.8s]
