[2017-03-22T01:39:01,190][WARN ][o.e.m.j.JvmGcMonitorService] [ht0EVsn] [gc][young][9197][2] duration [3.6s], collections [1]/[4.7s], total [3.6s]/[3.8s], memory [578.9mb]->[108.6mb]/[1.9gb], all_pools {[young] [532.5mb]->[10.9mb]/[532.5mb]}{[survivor] [46.3mb]->[65.4mb]/[66.5mb]}{[old] [0b]->[32.2mb]/[1.3gb]}
[2017-03-22T01:39:01,224][WARN ][o.e.m.j.JvmGcMonitorService] [ht0EVsn] [gc][9197] overhead, spent [3.6s] collecting in the last [4.7s]
[2017-03-22T05:28:22,044][WARN ][o.e.m.j.JvmGcMonitorService] [ht0EVsn] [gc][young][22945][3] duration [9s], collections [1]/[9s], total [9s]/[12.8s], memory [630.3mb]->[63.2mb]/[1.9gb], all_pools {[young] [532.5mb]->[8.1mb]/[532.5mb]}{[survivor] [65.4mb]->[4.3mb]/[66.5mb]}{[old] [32.2mb]->[51.5mb]/[1.3gb]}
[2017-03-22T05:28:22,047][WARN ][o.e.m.j.JvmGcMonitorService] [ht0EVsn] [gc][22945] overhead, spent [9s] collecting in the last [9s]
[2017-03-22T11:29:37,062][INFO ][o.e.c.m.MetaDataMappingService] [ht0EVsn] [vehicles_development_20170321002203878/gvY8q9qgTOO6AfXnopDOXQ] update_mapping [vehicle]
[2017-03-22T12:15:30,096][WARN ][o.e.m.j.JvmGcMonitorService] [ht0EVsn] [gc][young][47365][5] duration [2.3s], collections [1]/[2.8s], total [2.3s]/[15.2s], memory [585.2mb]->[111mb]/[1.9gb], all_pools {[young] [532.5mb]->[6.1mb]/[532.5mb]}{[survivor] [1.1mb]->[53.3mb]/[66.5mb]}{[old] [51.5mb]->[51.5mb]/[1.3gb]}
[2017-03-22T12:15:30,096][WARN ][o.e.m.j.JvmGcMonitorService] [ht0EVsn] [gc][47365] overhead, spent [2.3s] collecting in the last [2.8s]
[2017-03-22T15:48:07,651][WARN ][o.e.m.j.JvmGcMonitorService] [ht0EVsn] [gc][young][60115][6] duration [4.2s], collections [1]/[5.1s], total [4.2s]/[19.5s], memory [637.4mb]->[109.8mb]/[1.9gb], all_pools {[young] [532.5mb]->[6.8mb]/[532.5mb]}{[survivor] [53.3mb]->[1.1mb]/[66.5mb]}{[old] [51.5mb]->[102.9mb]/[1.3gb]}
[2017-03-22T15:48:07,652][WARN ][o.e.m.j.JvmGcMonitorService] [ht0EVsn] [gc][60115] overhead, spent [4.2s] collecting in the last [5.1s]
[2017-03-22T17:42:51,844][WARN ][o.e.m.j.JvmGcMonitorService] [ht0EVsn] [gc][young][66986][7] duration [11.8s], collections [1]/[11.9s], total [11.8s]/[31.4s], memory [636.6mb]->[284.8mb]/[1.9gb], all_pools {[young] [532.5mb]->[1.2mb]/[532.5mb]}{[survivor] [1.1mb]->[66.5mb]/[66.5mb]}{[old] [102.9mb]->[217mb]/[1.3gb]}
[2017-03-22T17:42:51,849][WARN ][o.e.m.j.JvmGcMonitorService] [ht0EVsn] [gc][66986] overhead, spent [11.8s] collecting in the last [11.9s]
[2017-03-22T20:46:31,806][WARN ][o.e.m.j.JvmGcMonitorService] [ht0EVsn] [gc][young][77984][8] duration [18.4s], collections [1]/[19.2s], total [18.4s]/[49.9s], memory [815.7mb]->[288mb]/[1.9gb], all_pools {[young] [532.2mb]->[3.7mb]/[532.5mb]}{[survivor] [66.5mb]->[1.4mb]/[66.5mb]}{[old] [217mb]->[283.4mb]/[1.3gb]}
[2017-03-22T20:46:31,807][WARN ][o.e.m.j.JvmGcMonitorService] [ht0EVsn] [gc][77984] overhead, spent [18.4s] collecting in the last [19.2s]
