[2017-02-28T02:27:30,227][INFO ][o.e.m.j.JvmGcMonitorService] [ht0EVsn] [gc][young][41276][8] duration [901ms], collections [1]/[1s], total [901ms]/[3.1s], memory [622mb]->[622mb]/[1.9gb], all_pools {[young] [532.5mb]->[536.4kb]/[532.5mb]}{[survivor] [318.8kb]->[32.6mb]/[66.5mb]}{[old] [89.2mb]->[89.2mb]/[1.3gb]}
[2017-02-28T02:27:30,234][WARN ][o.e.m.j.JvmGcMonitorService] [ht0EVsn] [gc][41276] overhead, spent [901ms] collecting in the last [1s]
[2017-02-28T04:16:36,391][WARN ][o.e.m.j.JvmGcMonitorService] [ht0EVsn] [gc][young][47814][9] duration [6.8s], collections [1]/[6.8s], total [6.8s]/[9.9s], memory [654.3mb]->[126mb]/[1.9gb], all_pools {[young] [532.5mb]->[3.8mb]/[532.5mb]}{[survivor] [32.6mb]->[32.9mb]/[66.5mb]}{[old] [89.2mb]->[89.2mb]/[1.3gb]}
[2017-02-28T04:16:36,393][WARN ][o.e.m.j.JvmGcMonitorService] [ht0EVsn] [gc][47814] overhead, spent [6.8s] collecting in the last [6.8s]
[2017-02-28T06:05:10,685][WARN ][o.e.m.j.JvmGcMonitorService] [ht0EVsn] [gc][54326] overhead, spent [617ms] collecting in the last [1s]
[2017-02-28T07:54:14,184][INFO ][o.e.m.j.JvmGcMonitorService] [ht0EVsn] [gc][60867] overhead, spent [551ms] collecting in the last [1.3s]
[2017-02-28T09:43:10,109][INFO ][o.e.m.j.JvmGcMonitorService] [ht0EVsn] [gc][67401] overhead, spent [423ms] collecting in the last [1s]
[2017-02-28T11:32:09,779][INFO ][o.e.m.j.JvmGcMonitorService] [ht0EVsn] [gc][73938] overhead, spent [334ms] collecting in the last [1s]
[2017-02-28T13:21:05,774][WARN ][o.e.m.j.JvmGcMonitorService] [ht0EVsn] [gc][young][80464][14] duration [5.2s], collections [1]/[6.3s], total [5.2s]/[17s], memory [654.4mb]->[106.3mb]/[1.9gb], all_pools {[young] [532.5mb]->[327.4kb]/[532.5mb]}{[survivor] [32.6mb]->[400.2kb]/[66.5mb]}{[old] [89.2mb]->[105.5mb]/[1.3gb]}
[2017-02-28T13:21:06,043][WARN ][o.e.m.j.JvmGcMonitorService] [ht0EVsn] [gc][80464] overhead, spent [5.2s] collecting in the last [6.3s]
[2017-02-28T22:26:28,246][INFO ][o.e.m.j.JvmGcMonitorService] [ht0EVsn] [gc][113166] overhead, spent [304ms] collecting in the last [1s]
